#
# There is insufficient memory for the Java Runtime Environment to continue.
# Native memory allocation (mmap) failed to map 134217728 bytes. Error detail: G1 virtual space
# Possible reasons:
#   The system is out of physical RAM or swap space
#   This process is running with CompressedOops enabled, and the Java Heap may be blocking the growth of the native heap
# Possible solutions:
#   Reduce memory load on the system
#   Increase physical memory or swap space
#   Check if swap backing store is full
#   Decrease Java heap size (-Xmx/-Xms)
#   Decrease number of Java threads
#   Decrease Java thread stack sizes (-Xss)
#   Set larger code cache with -XX:ReservedCodeCacheSize=
#   JVM is running with Unscaled Compressed Oops mode in which the Java heap is
#     placed in the first 4GB address space. The Java Heap base address is the
#     maximum limit for the native heap growth. Please use -XX:HeapBaseMinAddress
#     to set the Java Heap base and to place the Java Heap above 4GB virtual address.
# This output file may be truncated or incomplete.
#
#  Out of Memory Error (os_windows.cpp:3554), pid=20224, tid=15148
#
# JRE version:  (25.0.1+8) (build )
# Java VM: Java HotSpot(TM) 64-Bit Server VM (25.0.1+8-LTS-27, mixed mode, sharing, tiered, compressed oops, compressed class ptrs, g1 gc, windows-amd64)
# No core dump will be written. Minidumps are not enabled by default on client versions of Windows
#

---------------  S U M M A R Y ------------

Command Line: 

Host: Intel(R) Core(TM) i7-8550U CPU @ 1.80GHz, 8 cores, 7G,  Windows 10 , 64 bit Build 19041 (10.0.19041.7291)
Time: Sun May 31 13:40:57 2026 SE Asia Standard Time elapsed time: 0.043051 seconds (0d 0h 0m 0s)

---------------  T H R E A D  ---------------

Current thread (0x0000014624e0fda0):  JavaThread "Unknown thread" [_thread_in_vm, id=15148, stack(0x00000029ad400000,0x00000029ad500000) (1024K)]

Stack: [0x00000029ad400000,0x00000029ad500000]
Native frames: (J=compiled Java code, j=interpreted, Vv=VM code, C=native code)
V  [jvm.dll+0x7a6b59]  (no source info available)
V  [jvm.dll+0x77290d]  (no source info available)
V  [jvm.dll+0x966153]  (no source info available)
V  [jvm.dll+0x968751]  (no source info available)
V  [jvm.dll+0x968e53]  (no source info available)
V  [jvm.dll+0x2fc756]  (no source info available)
V  [jvm.dll+0x7a2d85]  (no source info available)
V  [jvm.dll+0x796197]  (no source info available)
V  [jvm.dll+0x3f4698]  (no source info available)
V  [jvm.dll+0x3fc5b6]  (no source info available)
V  [jvm.dll+0x3e8c8e]  (no source info available)
V  [jvm.dll+0x3e8f48]  (no source info available)
V  [jvm.dll+0x3c0045]  (no source info available)
V  [jvm.dll+0x3c0cce]  (no source info available)
V  [jvm.dll+0x92c837]  (no source info available)
V  [jvm.dll+0x458bc2]  (no source info available)
V  [jvm.dll+0x9101e2]  (no source info available)
V  [jvm.dll+0x4f9061]  (no source info available)
V  [jvm.dll+0x4fa8f1]  (no source info available)
C  [jli.dll+0x543e]  (no source info available)
C  [ucrtbase.dll+0x21bb2]  (no source info available)
C  [KERNEL32.DLL+0x17374]  (no source info available)
C  [ntdll.dll+0x4cc91]  (no source info available)

Lock stack of current Java thread (top to bottom):


---------------  P R O C E S S  ---------------

Threads class SMR info:
_java_thread_list=0x00007fff0a9b5308, length=0, elements={
}

Java Threads: ( => current thread )
Total: 0

Other Threads:
  0x000001462703d1c0 WorkerThread "GC Thread#0"                     [id=18568, stack(0x00000029ad500000,0x00000029ad600000) (1024K)]
  0x0000014627055e10 ConcurrentGCThread "G1 Main Marker"            [id=19460, stack(0x00000029ad600000,0x00000029ad700000) (1024K)]
  0x00000146270589d0 WorkerThread "G1 Conc#0"                       [id=10364, stack(0x00000029ad700000,0x00000029ad800000) (1024K)]

[error occurred during error reporting (printing all threads), id 0xc0000005, EXCEPTION_ACCESS_VIOLATION (0xc0000005) at pc=0x00007fff0a094c2a]
VM state: not at safepoint (not fully initialized)

VM Mutex/Monitor currently owned by a thread:  ([mutex/lock_event])
[0x00007fff0aa39668] Heap_lock - owner thread: 0x0000014624e0fda0

Heap address: 0x0000000081800000, size: 2024 MB, Compressed Oops mode: 32-bit

CDS archive(s) mapped at: [0x0000000000000000-0x0000000000000000-0x0000000000000000), size 0, SharedBaseAddress: 0x0000000800000000, ArchiveRelocationMode: 1.
UseCompressedClassPointers 1, UseCompactObjectHeaders 0
Narrow klass pointer bits 32, Max shift 3
Narrow klass base: 0xffffffffffffffff, Narrow klass shift: -1
Encoding Range: [0xffffffffffffffff - 0x000000007fffffff), (2147483648 bytes)
Klass Range:    [0x0000000000000000 - 0x0000000000000000), (0 bytes)
Klass ID Range:  [4294967295 - 0) (1)
No protection zone.

GC Precious Log:
 CardTable entry size: 512
 Card Set container configuration: InlinePtr #cards 5 size 8 Array Of Cards #cards 10 size 36 Howl #buckets 4 coarsen threshold 1843 Howl Bitmap #cards 512 size 80 coarsen threshold 460 Card regions per heap region 1 cards per card region 2048

Heap:
 garbage-first heap   total reserved 2072576K, committed 0K, used 0K [0x0000000081800000, 0x0000000100000000)
  region size 1024K, 0 young (0K), 0 survivors (0K)

Heap Regions: E=young(eden), S=young(survivor), O=old, HS=humongous(starts), HC=humongous(continues), CS=collection set, F=free, TAMS=top-at-mark-start, PB=parsable bottom

Card table byte_map: [0x000001463efa0000,0x000001463f3a0000] _byte_map_base: 0x000001463eb94000

Marking Bits: (CMBitMap*) 0x000001462703d950
 Bits: [0x000001463f3a0000, 0x0000014641340000)

GC Heap Usage History (0 events):
No events

Metaspace Usage History (0 events):
No events

Dll operation events (1 events):
Event: 0.029 Loaded shared library C:\Program Files\Java\jdk-25\bin\java.dll

Deoptimization events (0 events):
No events

Classes loaded (0 events):
No events

Classes unloaded (0 events):
No events

Classes redefined (0 events):
No events

Internal exceptions (0 events):
No events

VM Operations (0 events):
No events

Memory protections (0 events):
No events

Nmethod flushes (0 events):
No events

Events (0 events):
No events


Dynamic libraries:
0x00007ff684ff0000 - 0x00007ff685000000 	C:\Program Files\Java\jdk-25\bin\java.EXE
0x00007fffff770000 - 0x00007fffff969000 	C:\Windows\SYSTEM32\ntdll.dll
0x00007ffffde20000 - 0x00007ffffdee2000 	C:\Windows\System32\KERNEL32.DLL
0x00007ffffd260000 - 0x00007ffffd557000 	C:\Windows\System32\KERNELBASE.dll
0x00007ffffce70000 - 0x00007ffffcf70000 	C:\Windows\System32\ucrtbase.dll
0x00007fffea500000 - 0x00007fffea517000 	C:\Program Files\Java\jdk-25\bin\jli.dll
0x00007fffff2e0000 - 0x00007fffff47d000 	C:\Windows\System32\USER32.dll
0x00007ffffd020000 - 0x00007ffffd042000 	C:\Windows\System32\win32u.dll
0x00007ffffe2b0000 - 0x00007ffffe2db000 	C:\Windows\System32\GDI32.dll
0x00007fffea140000 - 0x00007fffea3db000 	C:\Windows\WinSxS\amd64_microsoft.windows.common-controls_6595b64144ccf1df_6.0.19041.6926_none_60b5a53971f8f7e6\COMCTL32.dll
0x00007ffffd140000 - 0x00007ffffd25a000 	C:\Windows\System32\gdi32full.dll
0x00007ffffef60000 - 0x00007ffffeffe000 	C:\Windows\System32\msvcrt.dll
0x00007ffffd050000 - 0x00007ffffd0ed000 	C:\Windows\System32\msvcp_win.dll
0x00007fffd0b30000 - 0x00007fffd0b4e000 	C:\Program Files\Java\jdk-25\bin\VCRUNTIME140.dll
0x00007ffffe1a0000 - 0x00007ffffe1cf000 	C:\Windows\System32\IMM32.DLL
0x00007fffea4f0000 - 0x00007fffea4fc000 	C:\Program Files\Java\jdk-25\bin\vcruntime140_1.dll
0x00007fffbf920000 - 0x00007fffbf9ad000 	C:\Program Files\Java\jdk-25\bin\msvcp140.dll
0x00007fff09cc0000 - 0x00007fff0ab1f000 	C:\Program Files\Java\jdk-25\bin\server\jvm.dll
0x00007fffff0a0000 - 0x00007fffff151000 	C:\Windows\System32\ADVAPI32.dll
0x00007fffff000000 - 0x00007fffff09f000 	C:\Windows\System32\sechost.dll
0x00007ffffd820000 - 0x00007ffffd946000 	C:\Windows\System32\RPCRT4.dll
0x00007ffffd740000 - 0x00007ffffd767000 	C:\Windows\System32\bcrypt.dll
0x00007ffffeef0000 - 0x00007ffffef5b000 	C:\Windows\System32\WS2_32.dll
0x00007ffffc2e0000 - 0x00007ffffc32b000 	C:\Windows\SYSTEM32\POWRPROF.dll
0x00007fffe9ef0000 - 0x00007fffe9f17000 	C:\Windows\SYSTEM32\WINMM.dll
0x00007ffff2d30000 - 0x00007ffff2d3a000 	C:\Windows\SYSTEM32\VERSION.dll
0x00007ffffc1a0000 - 0x00007ffffc1b2000 	C:\Windows\SYSTEM32\UMPDC.dll
0x00007ffffb5f0000 - 0x00007ffffb602000 	C:\Windows\SYSTEM32\kernel.appcore.dll
0x00007fffe4e30000 - 0x00007fffe4e3a000 	C:\Program Files\Java\jdk-25\bin\jimage.dll
0x00007ffff7990000 - 0x00007ffff7b91000 	C:\Windows\SYSTEM32\DBGHELP.DLL
0x00007fffe0aa0000 - 0x00007fffe0ad4000 	C:\Windows\SYSTEM32\dbgcore.DLL
0x00007ffffcde0000 - 0x00007ffffce62000 	C:\Windows\System32\bcryptPrimitives.dll
0x00007fffcd030000 - 0x00007fffcd04f000 	C:\Program Files\Java\jdk-25\bin\java.dll
0x00007ffffedc0000 - 0x00007ffffeeeb000 	C:\Windows\System32\ole32.dll
0x00007ffffea60000 - 0x00007ffffedb3000 	C:\Windows\System32\combase.dll
0x00007ffffe2e0000 - 0x00007ffffea51000 	C:\Windows\System32\SHELL32.dll

JVMTI agents: none

dbghelp: loaded successfully - version: 4.0.5 - missing functions: none
symbol engine: initialized successfully - sym options: 0x614 - pdb path: .;C:\Program Files\Java\jdk-25\bin;C:\Windows\SYSTEM32;C:\Windows\WinSxS\amd64_microsoft.windows.common-controls_6595b64144ccf1df_6.0.19041.6926_none_60b5a53971f8f7e6;C:\Program Files\Java\jdk-25\bin\server

VM Arguments:
java_command: <unknown>
java_class_path (initial): <not set>
Launcher Type: SUN_STANDARD

[Global flags]
     intx CICompilerCount                          = 4                                         {product} {ergonomic}
     uint ConcGCThreads                            = 2                                         {product} {ergonomic}
     uint G1ConcRefinementThreads                  = 8                                         {product} {ergonomic}
   size_t G1HeapRegionSize                         = 1048576                                   {product} {ergonomic}
   size_t InitialHeapSize                          = 134217728                                 {product} {ergonomic}
   size_t MarkStackSize                            = 4194304                                   {product} {ergonomic}
   size_t MarkStackSizeMax                         = 536870912                                 {product} {ergonomic}
   size_t MaxHeapSize                              = 2122317824                                {product} {ergonomic}
   size_t MinHeapDeltaBytes                        = 1048576                                   {product} {ergonomic}
   size_t MinHeapSize                              = 8388608                                   {product} {ergonomic}
    uintx NonNMethodCodeHeapSize                   = 5832704                                {pd product} {ergonomic}
    uintx NonProfiledCodeHeapSize                  = 122945536                              {pd product} {ergonomic}
    uintx ProfiledCodeHeapSize                     = 122880000                              {pd product} {ergonomic}
    uintx ReservedCodeCacheSize                    = 251658240                              {pd product} {ergonomic}
     bool SegmentedCodeCache                       = true                                      {product} {ergonomic}
   size_t SoftMaxHeapSize                          = 2122317824                             {manageable} {ergonomic}
     bool UseCompressedOops                        = true                           {product lp64_product} {ergonomic}
     bool UseG1GC                                  = true                                      {product} {ergonomic}
     bool UseLargePagesIndividualAllocation        = false                                  {pd product} {ergonomic}

Logging:
Log output configuration:
 #0: stdout all=warning uptime,level,tags foldmultilines=false
 #1: stderr all=off uptime,level,tags foldmultilines=false

Release file:
<release file has not been read>
Environment Variables:
PATH=c:\Users\Admin\.trae\tools\trae-gopls\current;c:\Users\Admin\.trae\sdks\workspaces\ae81760e\versions\node\current;c:\Users\Admin\.trae\sdks\versions\node\current;C:\Program Files\Common Files\Oracle\Java\javapath;C:\Program Files\Eclipse Adoptium\jdk-17.0.17.10-hotspot\bin;C:\Windows\system32;C:\Windows;C:\Windows\System32\Wbem;C:\Windows\System32\WindowsPowerShell\v1.0\;C:\Windows\System32\OpenSSH\;C:\Program Files (x86)\NVIDIA Corporation\PhysX\Common;C:\Program Files (x86)\Microsoft SQL Server\160\Tools\Binn\;C:\Program Files\Microsoft SQL Server\160\Tools\Binn\;C:\Program Files\Microsoft SQL Server\Client SDK\ODBC\170\Tools\Binn\;C:\Program Files\Microsoft SQL Server\160\DTS\Binn\;C:\Program Files (x86)\Microsoft SQL Server\160\DTS\Binn\;C:\Program Files\Git\cmd;C:\laragon\bin\php\php-8.3.28-Win32-vs16-x64;C:\composer;C:\Program Files\nodejs\;C:\Program Files\dotnet\;C:\Users\Admin\.local\bin;C:\Users\Admin\anaconda3;C:\Users\Admin\anaconda3\Library\mingw-w64\bin;C:\Users\Admin\anaconda3\Library\usr\bin;C:\Users\Admin\anaconda3\Library\bin;C:\Users\Admin\anaconda3\Scripts;C:\Users\Admin\AppData\Local\Microsoft\WindowsApps;D:\fileChayApp\Microsoft VS Code\bin;C:\Users\Admin\.dotnet\tools;C:\Users\Admin\AppData\Roaming\Composer\vendor\bin;C:\Users\Admin\AppData\Roaming\npm;C:\Program Files\JetBrains\IntelliJ IDEA 2026.1.1\bin;C:\Users\Admin\.dotnet\tools;C:\Users\Admin\AppData\Local\Programs\cursor\resources\app\bin;c:\Users\Admin\AppData\Local\Programs\Trae\resources\app\bin\lib;C:\Users\Admin\.trae\tools\maven\latest\bin;C:\Users\Admin\.trae\tools\gradle\latest\bin
USERNAME=Admin
OS=Windows_NT
PROCESSOR_IDENTIFIER=Intel64 Family 6 Model 142 Stepping 10, GenuineIntel
TMP=C:\Users\Admin\AppData\Local\Temp
TEMP=C:\Users\Admin\AppData\Local\Temp




Compilation memory statistics disabled.

Periodic native trim disabled

---------------  S Y S T E M  ---------------

OS:
 Windows 10 , 64 bit Build 19041 (10.0.19041.7291)
OS uptime: 0 days 6:05 hours

CPU: total 8 (initial active 8) (4 cores per cpu, 2 threads per core) family 6 model 142 stepping 10 microcode 0xf0, cx8, cmov, fxsr, ht, mmx, 3dnowpref, sse, sse2, sse3, ssse3, sse4.1, sse4.2, popcnt, lzcnt, tsc, tscinvbit, avx, avx2, aes, erms, clmul, bmi1, bmi2, adx, fma, vzeroupper, clflush, clflushopt, rdtscp, f16c
Processor Information for the first 8 processors :
  Max Mhz: 1992, Current Mhz: 1792, Mhz Limit: 1792

Memory: 4k page, system-wide physical 8088M (382M free)
TotalPageFile size 27543M (AvailPageFile size 31M)
current process WorkingSet (physical memory assigned to process): 11M, peak: 11M
current process commit charge ("private bytes"): 60M, peak: 188M

vm_info: Java HotSpot(TM) 64-Bit Server VM (25.0.1+8-LTS-27) for windows-amd64 JRE (25.0.1+8-LTS-27), built on 2025-09-25T16:41:16Z with unknown MS VC++:1943

END.
